2026-03-19 01:47:56.210 [main] INFO  netBanking - **** Starting TC_LoginTest_01 ****
2026-03-19 01:47:56.415 [main] INFO  netBanking - ****Entered Username ****
2026-03-19 01:47:56.499 [main] INFO  netBanking - ****Entered password ****
2026-03-19 01:47:57.422 [main] INFO  netBanking - **** Login test passed ****
2026-03-19 01:48:03.830 [main] INFO  netBanking - ****Entered Username ****
2026-03-19 01:48:05.950 [main] INFO  netBanking - ****Entered password ****
2026-03-19 01:48:09.309 [main] WARN  netBanking - **** Login failed ****
2026-03-19 01:48:11.407 [main] INFO  netBanking - ****Entered Username ****
2026-03-19 01:48:13.523 [main] INFO  netBanking - ****Entered password ****
2026-03-19 01:48:16.619 [main] WARN  netBanking - **** Login failed ****
2026-03-19 01:48:18.740 [main] INFO  netBanking - ****Entered Username ****
2026-03-19 01:48:20.853 [main] INFO  netBanking - ****Entered password ****
2026-03-19 01:48:22.975 [main] INFO  netBanking - **** Login passed ****
2026-03-19 01:48:27.396 [main] INFO  netBanking - ****Entered Username ****
2026-03-19 01:48:29.523 [main] INFO  netBanking - ****Entered password ****
2026-03-19 01:48:32.422 [main] WARN  netBanking - **** Login failed ****
2026-03-19 01:48:34.554 [main] INFO  netBanking - ****Entered Username ****
2026-03-19 01:48:36.643 [main] INFO  netBanking - ****Entered password ****
2026-03-19 01:48:39.564 [main] WARN  netBanking - **** Login failed ****
2026-03-19 01:48:41.695 [main] INFO  netBanking - ****Entered Username ****
2026-03-19 01:48:43.814 [main] INFO  netBanking - ****Entered password ****
2026-03-19 01:48:45.965 [main] INFO  netBanking - **** Login passed ****
2026-03-19 01:48:50.402 [main] INFO  netBanking - ****Entered Username ****
2026-03-19 01:48:52.510 [main] INFO  netBanking - ****Entered password ****
2026-03-19 01:48:55.417 [main] WARN  netBanking - **** Login failed ****
2026-03-19 01:49:02.394 [main] INFO  netBanking - **** Entered Username ****
2026-03-19 01:49:02.467 [main] INFO  netBanking - **** Entered password ****
2026-03-19 01:49:02.577 [main] INFO  netBanking - **** Logged in successfully ****
2026-03-19 01:49:05.988 [main] INFO  netBanking - **** Providing customer details ****
2026-03-19 01:49:16.396 [main] INFO  netBanking - **** Verifying new customer added ****
2026-03-19 01:49:16.396 [main] INFO  netBanking - **** New Customer added successfully ****
